.next/dev/types/validator.ts(369,31): error TS2344: Type 'typeof import("D:/HR system/src/app/api/surveys/[id]/respond/route")' does not satisfy the constraint 'RouteHandlerConfig<"/api/surveys/[id]/respond">'.
  Types of property 'POST' are incompatible.
    Type '(request: Request, { params }: { params: { id: string; }; }) => Promise<NextResponse<{ message: string; }> | NextResponse<{ error: string; }>>' is not assignable to type '(request: NextRequest, context: { params: Promise<{ id: string; }>; }) => void | Response | Promise<void | Response>'.
      Types of parameters '__1' and 'context' are incompatible.
        Type '{ params: Promise<{ id: string; }>; }' is not assignable to type '{ params: { id: string; }; }'.
          Types of property 'params' are incompatible.
            Property 'id' is missing in type 'Promise<{ id: string; }>' but required in type '{ id: string; }'.
.next/dev/types/validator.ts(378,31): error TS2344: Type 'typeof import("D:/HR system/src/app/api/surveys/[id]/route")' does not satisfy the constraint 'RouteHandlerConfig<"/api/surveys/[id]">'.
  Types of property 'GET' are incompatible.
    Type '(request: Request, { params }: { params: { id: string; }; }) => Promise<NextResponse<{ message: string; }> | NextResponse<{ survey: { questions: { id: string; questionText: string; type: string; options: string | null; createdAt: Date; updatedAt: Date; surveyId: string; }[]; } & { ...; }; hasAnswered: boolean; }> | ...' is not assignable to type '(request: NextRequest, context: { params: Promise<{ id: string; }>; }) => void | Response | Promise<void | Response>'.
      Types of parameters '__1' and 'context' are incompatible.
        Type '{ params: Promise<{ id: string; }>; }' is not assignable to type '{ params: { id: string; }; }'.
          Types of property 'params' are incompatible.
            Property 'id' is missing in type 'Promise<{ id: string; }>' but required in type '{ id: string; }'.
.next/types/validator.ts(369,31): error TS2344: Type 'typeof import("D:/HR system/src/app/api/surveys/[id]/respond/route")' does not satisfy the constraint 'RouteHandlerConfig<"/api/surveys/[id]/respond">'.
  Types of property 'POST' are incompatible.
    Type '(request: Request, { params }: { params: { id: string; }; }) => Promise<NextResponse<{ message: string; }> | NextResponse<{ error: string; }>>' is not assignable to type '(request: NextRequest, context: { params: Promise<{ id: string; }>; }) => void | Response | Promise<void | Response>'.
      Types of parameters '__1' and 'context' are incompatible.
        Type '{ params: Promise<{ id: string; }>; }' is not assignable to type '{ params: { id: string; }; }'.
          Types of property 'params' are incompatible.
            Property 'id' is missing in type 'Promise<{ id: string; }>' but required in type '{ id: string; }'.
.next/types/validator.ts(378,31): error TS2344: Type 'typeof import("D:/HR system/src/app/api/surveys/[id]/route")' does not satisfy the constraint 'RouteHandlerConfig<"/api/surveys/[id]">'.
  Types of property 'GET' are incompatible.
    Type '(request: Request, { params }: { params: { id: string; }; }) => Promise<NextResponse<{ message: string; }> | NextResponse<{ survey: { questions: { id: string; questionText: string; type: string; options: string | null; createdAt: Date; updatedAt: Date; surveyId: string; }[]; } & { ...; }; hasAnswered: boolean; }> | ...' is not assignable to type '(request: NextRequest, context: { params: Promise<{ id: string; }>; }) => void | Response | Promise<void | Response>'.
      Types of parameters '__1' and 'context' are incompatible.
        Type '{ params: Promise<{ id: string; }>; }' is not assignable to type '{ params: { id: string; }; }'.
          Types of property 'params' are incompatible.
            Property 'id' is missing in type 'Promise<{ id: string; }>' but required in type '{ id: string; }'.
